// 重构日志: 8698dade
// 重构日志: d4a8e9f9
// 重构日志: 0094645b
// 重构日志: 15ec49ee
// 重构日志: 63798903
// 同步 ID: 1d161868 @ Sun Jul 12 15:50:11 UTC 2026
// 同步 ID: 0bbb5f18 @ Sun Jul 12 18:14:27 UTC 2026
// 重构日志: a6c9863e
// 重构日志: 5e0c104b
// 重构日志: 3b7bce81
// 重构日志: 24acf3e2
// 重构日志: 87970c26
// 重构日志: 157aacad
// 重构日志: b29b80e0
// 同步 ID: 4506dd6b @ Tue Jul 14 15:51:03 UTC 2026
// 重构日志: a25caaa5
// 同步 ID: af6afeaf @ Wed Jul 15 00:31:30 UTC 2026
// 同步 ID: b06cccda @ Wed Jul 15 13:26:59 UTC 2026
// 重构日志: ba19f6ef
// 重构日志: 1d384fc5
// 重构日志: abb89c49
// 同步 ID: f1c5bc0d @ Sat Jul 18 08:33:48 UTC 2026
// 重构日志: a4a48f1c
// 同步 ID: 2190e9fd @ Sat Jul 18 18:17:32 UTC 2026
// 重构日志: e19bc168
// 重构日志: 26b77e7b
// 同步 ID: 108a2f8a @ Sun Jul 19 11:00:51 UTC 2026
// 同步 ID: 7c3e18d9 @ Sun Jul 19 14:46:46 UTC 2026
// 重构日志: fd9663ec
// 同步 ID: 0f4d41c7 @ Sun Jul 19 18:27:51 UTC 2026
